warning: use of deprecated method `futures::futures_channel::mpsc::Receiver::<T>::try_next`: please use `try_recv` instead
   --> vendor/commonware/utils/src/channels/tracked.rs:245:20
    |
245 |         self.inner.try_next().ok().flatten()
    |                    ^^^^^^^^
    |
    = note: `#[warn(deprecated)]` on by default

warning: `commonware-utils` (lib) generated 1 warning
warning: field `sink` is never read
  --> crates/consensus-simplex/src/engine.rs:56:5
   |
46 | pub struct CommonwareEngine<A, S, E, C>
   |            ---------------- field in this struct
...
56 |     sink: Arc<S>,
   |     ^^^^
   |
   = note: `#[warn(dead_code)]` (part of `#[warn(unused)]`) on by default

warning: unused `Result` that must be used
   --> crates/consensus-simplex/src/engine.rs:179:13
    |
179 |             vendor_handle.await;
    |             ^^^^^^^^^^^^^^^^^^^
    |
    = note: this `Result` may be an `Err` variant, which should be handled
    = note: `#[warn(unused_must_use)]` (part of `#[warn(unused)]`) on by default
help: use `let _ = ...` to ignore the resulting value
    |
179 |             let _ = vendor_handle.await;
    |             +++++++

warning: `consensus-simplex` (lib) generated 2 warnings
    Finished `dev` profile [unoptimized + debuginfo] target(s) in 0.29s
